<?xml version="1.0" encoding="UTF-8"?>
<testsuites>
  <testsuite name="" tests="3" assertions="3" errors="0" warnings="0" failures="0" skipped="0" time="0.001875">
    <testsuite name="Default" tests="3" assertions="3" errors="0" warnings="0" failures="0" skipped="0" time="0.001875">
      <testsuite name="CalculadoraTest" file="/home/joaovictor/teste/testeaprovacao/tests/CalculadoraTest.php" tests="2" assertions="2" errors="0" warnings="0" failures="0" skipped="0" time="0.001727">
        <testcase name="testSomar" class="CalculadoraTest" classname="CalculadoraTest" file="/home/joaovictor/teste/testeaprovacao/tests/CalculadoraTest.php" line="8" assertions="1" time="0.001638"/>
        <testcase name="testSubtrair" class="CalculadoraTest" classname="CalculadoraTest" file="/home/joaovictor/teste/testeaprovacao/tests/CalculadoraTest.php" line="14" assertions="1" time="0.000089"/>
      </testsuite>
      <testsuite name="Tests\ExampleTest" file="/home/joaovictor/teste/testeaprovacao/tests/ExampleTest.php" tests="1" assertions="1" errors="0" warnings="0" failures="0" skipped="0" time="0.000148">
        <testcase name="testBasicFunctionality" class="Tests\ExampleTest" classname="Tests.ExampleTest" file="/home/joaovictor/teste/testeaprovacao/tests/ExampleTest.php" line="9" assertions="1" time="0.000148"/>
      </testsuite>
    </testsuite>
  </testsuite>
</testsuites>
